------------------------------------------------------------
TimeQuest Timing Analyzer Summary
------------------------------------------------------------

Type  : Slow Model Setup 'lcdandsegtest:lcddispl|lcd1602String:lcdDisplay|clkr'
Slack : -8.046
TNS   : -158.767

Type  : Slow Model Setup 'pll1|altpll_component|pll|clk[0]'
Slack : -4.696
TNS   : -222.255

Type  : Slow Model Setup '_50clk'
Slack : -1.143
TNS   : -27.534

Type  : Slow Model Hold 'pll1|altpll_component|pll|clk[0]'
Slack : 0.096
TNS   : 0.000

Type  : Slow Model Hold '_50clk'
Slack : 0.499
TNS   : 0.000

Type  : Slow Model Hold 'lcdandsegtest:lcddispl|lcd1602String:lcdDisplay|clkr'
Slack : 0.499
TNS   : 0.000

Type  : Slow Model Minimum Pulse Width 'pll1|altpll_component|pll|clk[0]'
Slack : -0.777
TNS   : -74.592

Type  : Slow Model Minimum Pulse Width 'lcdandsegtest:lcddispl|lcd1602String:lcdDisplay|clkr'
Slack : -0.742
TNS   : -41.552

Type  : Slow Model Minimum Pulse Width '_50clk'
Slack : 8.758
TNS   : 0.000

Type  : Fast Model Setup 'lcdandsegtest:lcddispl|lcd1602String:lcdDisplay|clkr'
Slack : -1.907
TNS   : -36.073

Type  : Fast Model Setup 'pll1|altpll_component|pll|clk[0]'
Slack : 0.182
TNS   : 0.000

Type  : Fast Model Setup '_50clk'
Slack : 2.281
TNS   : 0.000

Type  : Fast Model Hold 'lcdandsegtest:lcddispl|lcd1602String:lcdDisplay|clkr'
Slack : -0.228
TNS   : -0.333

Type  : Fast Model Hold 'pll1|altpll_component|pll|clk[0]'
Slack : 0.198
TNS   : 0.000

Type  : Fast Model Hold '_50clk'
Slack : 0.215
TNS   : 0.000

Type  : Fast Model Minimum Pulse Width 'lcdandsegtest:lcddispl|lcd1602String:lcdDisplay|clkr'
Slack : -0.500
TNS   : -28.000

Type  : Fast Model Minimum Pulse Width 'pll1|altpll_component|pll|clk[0]'
Slack : 0.077
TNS   : 0.000

Type  : Fast Model Minimum Pulse Width '_50clk'
Slack : 9.000
TNS   : 0.000

------------------------------------------------------------
